// Jest Snapshot v1, https://goo.gl/fbAQLP

exports[`Should films list be rendered 1`] = `
<div
  className="catalog__movies-list"
>
  <article
    className="small-movie-card catalog__movies-card"
    onMouseEnter={[Function]}
    onMouseLeave={[Function]}
    onMouseOver={[Function]}
  >
    <div
      className="small-movie-card__image"
      onClick={[Function]}
    >
      <video
        height={175}
        muted={true}
        poster="img/Onejpg"
        width={270}
      >
        <source
          src="https://download.blender.org/durian/trailer/sintel_trailer-480p.mp4"
          type="video/mp4"
        />
      </video>
    </div>
    <h3
      className="small-movie-card__title"
    >
      <a
        className="small-movie-card__link"
        href="movie-page.html"
        onClick={[Function]}
      >
        One
      </a>
    </h3>
  </article>
  <article
    className="small-movie-card catalog__movies-card"
    onMouseEnter={[Function]}
    onMouseLeave={[Function]}
    onMouseOver={[Function]}
  >
    <div
      className="small-movie-card__image"
      onClick={[Function]}
    >
      <video
        height={175}
        muted={true}
        poster="img/Twojpg"
        width={270}
      >
        <source
          src="https://download.blender.org/durian/trailer/sintel_trailer-480p.mp4"
          type="video/mp4"
        />
      </video>
    </div>
    <h3
      className="small-movie-card__title"
    >
      <a
        className="small-movie-card__link"
        href="movie-page.html"
        onClick={[Function]}
      >
        Two
      </a>
    </h3>
  </article>
  <article
    className="small-movie-card catalog__movies-card"
    onMouseEnter={[Function]}
    onMouseLeave={[Function]}
    onMouseOver={[Function]}
  >
    <div
      className="small-movie-card__image"
      onClick={[Function]}
    >
      <video
        height={175}
        muted={true}
        poster="img/Treejpg"
        width={270}
      >
        <source
          src="https://download.blender.org/durian/trailer/sintel_trailer-480p.mp4"
          type="video/mp4"
        />
      </video>
    </div>
    <h3
      className="small-movie-card__title"
    >
      <a
        className="small-movie-card__link"
        href="movie-page.html"
        onClick={[Function]}
      >
        Tree
      </a>
    </h3>
  </article>
  <article
    className="small-movie-card catalog__movies-card"
    onMouseEnter={[Function]}
    onMouseLeave={[Function]}
    onMouseOver={[Function]}
  >
    <div
      className="small-movie-card__image"
      onClick={[Function]}
    >
      <video
        height={175}
        muted={true}
        poster="img/Fourjpg"
        width={270}
      >
        <source
          src="https://download.blender.org/durian/trailer/sintel_trailer-480p.mp4"
          type="video/mp4"
        />
      </video>
    </div>
    <h3
      className="small-movie-card__title"
    >
      <a
        className="small-movie-card__link"
        href="movie-page.html"
        onClick={[Function]}
      >
        Four
      </a>
    </h3>
  </article>
  <article
    className="small-movie-card catalog__movies-card"
    onMouseEnter={[Function]}
    onMouseLeave={[Function]}
    onMouseOver={[Function]}
  >
    <div
      className="small-movie-card__image"
      onClick={[Function]}
    >
      <video
        height={175}
        muted={true}
        poster="img/Fivejpg"
        width={270}
      >
        <source
          src="https://download.blender.org/durian/trailer/sintel_trailer-480p.mp4"
          type="video/mp4"
        />
      </video>
    </div>
    <h3
      className="small-movie-card__title"
    >
      <a
        className="small-movie-card__link"
        href="movie-page.html"
        onClick={[Function]}
      >
        Five
      </a>
    </h3>
  </article>
  <article
    className="small-movie-card catalog__movies-card"
    onMouseEnter={[Function]}
    onMouseLeave={[Function]}
    onMouseOver={[Function]}
  >
    <div
      className="small-movie-card__image"
      onClick={[Function]}
    >
      <video
        height={175}
        muted={true}
        poster="img/Sixjpg"
        width={270}
      >
        <source
          src="https://download.blender.org/durian/trailer/sintel_trailer-480p.mp4"
          type="video/mp4"
        />
      </video>
    </div>
    <h3
      className="small-movie-card__title"
    >
      <a
        className="small-movie-card__link"
        href="movie-page.html"
        onClick={[Function]}
      >
        Six
      </a>
    </h3>
  </article>
  <article
    className="small-movie-card catalog__movies-card"
    onMouseEnter={[Function]}
    onMouseLeave={[Function]}
    onMouseOver={[Function]}
  >
    <div
      className="small-movie-card__image"
      onClick={[Function]}
    >
      <video
        height={175}
        muted={true}
        poster="img/Sevenjpg"
        width={270}
      >
        <source
          src="https://download.blender.org/durian/trailer/sintel_trailer-480p.mp4"
          type="video/mp4"
        />
      </video>
    </div>
    <h3
      className="small-movie-card__title"
    >
      <a
        className="small-movie-card__link"
        href="movie-page.html"
        onClick={[Function]}
      >
        Seven
      </a>
    </h3>
  </article>
  <article
    className="small-movie-card catalog__movies-card"
    onMouseEnter={[Function]}
    onMouseLeave={[Function]}
    onMouseOver={[Function]}
  >
    <div
      className="small-movie-card__image"
      onClick={[Function]}
    >
      <video
        height={175}
        muted={true}
        poster="img/Eightjpg"
        width={270}
      >
        <source
          src="https://download.blender.org/durian/trailer/sintel_trailer-480p.mp4"
          type="video/mp4"
        />
      </video>
    </div>
    <h3
      className="small-movie-card__title"
    >
      <a
        className="small-movie-card__link"
        href="movie-page.html"
        onClick={[Function]}
      >
        Eight
      </a>
    </h3>
  </article>
</div>
`;
